23:00:48 **** Incremental Build of configuration Debug for project 05_GPIOs_STM32F407_Button ****
make -j12 all 
arm-none-eabi-gcc "../Src/main.c" -mcpu=cortex-m4 -std=gnu11 -g3 -DDEBUG -DSTM32 -DSTM32F407G_DISC1 -DSTM32F4 -DSTM32F407VGTx -c -I../Inc -O0 -ffunction-sections -fdata-sections -Wall -fstack-usage -fcyclomatic-complexity -MMD -MP -MF"Src/main.d" -MT"Src/main.o" --specs=nano.specs -mfpu=fpv4-sp-d16 -mfloat-abi=hard -mthumb -o "Src/main.o"
../Src/main.c:23:4: warning: #warning "FPU is not initialized, but the project is compiling for an FPU. Please initialize the FPU before use." [-Wcpp]
   23 |   #warning "FPU is not initialized, but the project is compiling for an FPU. Please initialize the FPU before use."
      |    ^~~~~~~
arm-none-eabi-gcc -o "05_GPIOs_STM32F407_Button.elf" @"objects.list"   -mcpu=cortex-m4 -T"D:\Embedded Sofware\GPIOs\05_GPIOs_STM32F407_Button\STM32F407VGTX_FLASH.ld" --specs=nosys.specs -Wl,-Map="05_GPIOs_STM32F407_Button.map" -Wl,--gc-sections -static --specs=nano.specs -mfpu=fpv4-sp-d16 -mfloat-abi=hard -mthumb -Wl,--start-group -lc -lm -Wl,--end-group
Finished building target: 05_GPIOs_STM32F407_Button.elf
 
arm-none-eabi-size  05_GPIOs_STM32F407_Button.elf 
arm-none-eabi-objdump -h -S 05_GPIOs_STM32F407_Button.elf  > "05_GPIOs_STM32F407_Button.list"
   text	   data	    bss	    dec	    hex	filename
   3528	     92	   1900	   5520	   1590	05_GPIOs_STM32F407_Button.elf
Finished building: default.size.stdout
 
Finished building: 05_GPIOs_STM32F407_Button.list
 

23:00:49 Build Finished. 0 errors, 1 warnings. (took 1s.177ms)

