23:45:27 **** Incremental Build of configuration Debug for project 08_GPIOs_STM32F407_Multiple_LEDs ****
make -j12 all 
arm-none-eabi-gcc "../Src/main.c" -mcpu=cortex-m4 -std=gnu11 -g3 -DDEBUG -DSTM32 -DSTM32F407G_DISC1 -DSTM32F4 -DSTM32F407VGTx -c -I../Inc -O0 -ffunction-sections -fdata-sections -Wall -fstack-usage -fcyclomatic-complexity -MMD -MP -MF"Src/main.d" -MT"Src/main.o" --specs=nano.specs -mfpu=fpv4-sp-d16 -mfloat-abi=hard -mthumb -o "Src/main.o"
../Src/main.c:22:4: warning: #warning "FPU is not initialized, but the project is compiling for an FPU. Please initialize the FPU before use." [-Wcpp]
   22 |   #warning "FPU is not initialized, but the project is compiling for an FPU. Please initialize the FPU before use."
      |    ^~~~~~~
arm-none-eabi-gcc -o "08_GPIOs_STM32F407_Multiple_LEDs.elf" @"objects.list"   -mcpu=cortex-m4 -T"D:\Embedded Sofware\GPIOs\08_GPIOs_STM32F407_Multiple_LEDs\STM32F407VGTX_FLASH.ld" --specs=nosys.specs -Wl,-Map="08_GPIOs_STM32F407_Multiple_LEDs.map" -Wl,--gc-sections -static --specs=nano.specs -mfpu=fpv4-sp-d16 -mfloat-abi=hard -mthumb -Wl,--start-group -lc -lm -Wl,--end-group
Finished building target: 08_GPIOs_STM32F407_Multiple_LEDs.elf
 
arm-none-eabi-size  08_GPIOs_STM32F407_Multiple_LEDs.elf 
arm-none-eabi-objdump -h -S 08_GPIOs_STM32F407_Multiple_LEDs.elf  > "08_GPIOs_STM32F407_Multiple_LEDs.list"
   text	   data	    bss	    dec	    hex	filename
    856	      0	   1568	   2424	    978	08_GPIOs_STM32F407_Multiple_LEDs.elf
Finished building: default.size.stdout
 
Finished building: 08_GPIOs_STM32F407_Multiple_LEDs.list
 

23:45:28 Build Finished. 0 errors, 1 warnings. (took 398ms)

