00:49:57 **** Incremental Build of configuration Debug for project 11_GPIO_STM32F407_Keypad_Matrix ****
make -j12 all 
arm-none-eabi-gcc "../Src/main.c" -mcpu=cortex-m4 -std=gnu11 -g3 -DDEBUG -DSTM32 -DSTM32F407G_DISC1 -DSTM32F4 -DSTM32F407VGTx -c -I../Inc -O0 -ffunction-sections -fdata-sections -Wall -fstack-usage -fcyclomatic-complexity -MMD -MP -MF"Src/main.d" -MT"Src/main.o" --specs=nano.specs -mfpu=fpv4-sp-d16 -mfloat-abi=hard -mthumb -o "Src/main.o"
../Src/main.c:23:4: warning: #warning "FPU is not initialized, but the project is compiling for an FPU. Please initialize the FPU before use." [-Wcpp]
   23 |   #warning "FPU is not initialized, but the project is compiling for an FPU. Please initialize the FPU before use."
      |    ^~~~~~~
arm-none-eabi-gcc -o "11_GPIO_STM32F407_Keypad_Matrix.elf" @"objects.list"   -mcpu=cortex-m4 -T"D:\Embedded Sofware\GPIOs\11_GPIO_STM32F407_Keypad_Matrix\STM32F407VGTX_FLASH.ld" --specs=nosys.specs -Wl,-Map="11_GPIO_STM32F407_Keypad_Matrix.map" -Wl,--gc-sections -static --specs=nano.specs -mfpu=fpv4-sp-d16 -mfloat-abi=hard -mthumb -Wl,--start-group -lc -lm -Wl,--end-group
Finished building target: 11_GPIO_STM32F407_Keypad_Matrix.elf
 
arm-none-eabi-size  11_GPIO_STM32F407_Keypad_Matrix.elf 
arm-none-eabi-objdump -h -S 11_GPIO_STM32F407_Keypad_Matrix.elf  > "11_GPIO_STM32F407_Keypad_Matrix.list"
   text	   data	    bss	    dec	    hex	filename
   4652	     92	   1900	   6644	   19f4	11_GPIO_STM32F407_Keypad_Matrix.elf
Finished building: default.size.stdout
 
Finished building: 11_GPIO_STM32F407_Keypad_Matrix.list
 
00:50:04 **** Incremental Build of configuration Debug for project 11_GPIO_STM32F407_Keypad_Matrix ****
make -j12 all 
arm-none-eabi-size  11_GPIO_STM32F407_Keypad_Matrix.elf 
   text	   data	    bss	    dec	    hex	filename
   4652	     92	   1900	   6644	   19f4	11_GPIO_STM32F407_Keypad_Matrix.elf
Finished building: default.size.stdout
 
