12:23:38 **** Build of configuration Debug for project 02_PWM_SERVO_MOTOR_CONTROL ****
make -j12 all 
arm-none-eabi-gcc -mcpu=cortex-m4 -g3 -DDEBUG -c -x assembler-with-cpp -MMD -MP -MF"Startup/startup_stm32f407vgtx.d" -MT"Startup/startup_stm32f407vgtx.o" --specs=nano.specs -mfpu=fpv4-sp-d16 -mfloat-abi=hard -mthumb -o "Startup/startup_stm32f407vgtx.o" "../Startup/startup_stm32f407vgtx.s"
arm-none-eabi-gcc "../Src/main.c" -mcpu=cortex-m4 -std=gnu11 -g3 -DDEBUG -DSTM32 -DSTM32F407G_DISC1 -DSTM32F4 -DSTM32F407VGTx -c -I../Inc -O0 -ffunction-sections -fdata-sections -Wall -fstack-usage -fcyclomatic-complexity -MMD -MP -MF"Src/main.d" -MT"Src/main.o" --specs=nano.specs -mfpu=fpv4-sp-d16 -mfloat-abi=hard -mthumb -o "Src/main.o"
arm-none-eabi-gcc "../Src/syscalls.c" -mcpu=cortex-m4 -std=gnu11 -g3 -DDEBUG -DSTM32 -DSTM32F407G_DISC1 -DSTM32F4 -DSTM32F407VGTx -c -I../Inc -O0 -ffunction-sections -fdata-sections -Wall -fstack-usage -fcyclomatic-complexity -MMD -MP -MF"Src/syscalls.d" -MT"Src/syscalls.o" --specs=nano.specs -mfpu=fpv4-sp-d16 -mfloat-abi=hard -mthumb -o "Src/syscalls.o"
arm-none-eabi-gcc "../Src/sysmem.c" -mcpu=cortex-m4 -std=gnu11 -g3 -DDEBUG -DSTM32 -DSTM32F407G_DISC1 -DSTM32F4 -DSTM32F407VGTx -c -I../Inc -O0 -ffunction-sections -fdata-sections -Wall -fstack-usage -fcyclomatic-complexity -MMD -MP -MF"Src/sysmem.d" -MT"Src/sysmem.o" --specs=nano.specs -mfpu=fpv4-sp-d16 -mfloat-abi=hard -mthumb -o "Src/sysmem.o"
arm-none-eabi-gcc -o "02_PWM_SERVO_MOTOR_CONTROL.elf" @"objects.list"   -mcpu=cortex-m4 -T"D:\Embedded Sofware\PWM\02_PWM_SERVO_MOTOR_CONTROL\STM32F407VGTX_FLASH.ld" --specs=nosys.specs -Wl,-Map="02_PWM_SERVO_MOTOR_CONTROL.map" -Wl,--gc-sections -static --specs=nano.specs -mfpu=fpv4-sp-d16 -mfloat-abi=hard -mthumb -Wl,--start-group -lc -lm -Wl,--end-group
Finished building target: 02_PWM_SERVO_MOTOR_CONTROL.elf
 
arm-none-eabi-size  02_PWM_SERVO_MOTOR_CONTROL.elf 
arm-none-eabi-objdump -h -S 02_PWM_SERVO_MOTOR_CONTROL.elf  > "02_PWM_SERVO_MOTOR_CONTROL.list"
   text	   data	    bss	    dec	    hex	filename
    912	      0	   1568	   2480	    9b0	02_PWM_SERVO_MOTOR_CONTROL.elf
Finished building: default.size.stdout
 
Finished building: 02_PWM_SERVO_MOTOR_CONTROL.list
 

12:23:39 Build Finished. 0 errors, 0 warnings. (took 1s.86ms)

