12:23:34 **** Build of configuration Debug for project 03_PWM_INTERRUPT_LED_BLINKER ****
make -j12 all 
arm-none-eabi-gcc -mcpu=cortex-m4 -g3 -DDEBUG -c -x assembler-with-cpp -MMD -MP -MF"Startup/startup_stm32f407vgtx.d" -MT"Startup/startup_stm32f407vgtx.o" --specs=nano.specs -mfpu=fpv4-sp-d16 -mfloat-abi=hard -mthumb -o "Startup/startup_stm32f407vgtx.o" "../Startup/startup_stm32f407vgtx.s"
arm-none-eabi-gcc "../Src/main.c" -mcpu=cortex-m4 -std=gnu11 -g3 -DDEBUG -DSTM32 -DSTM32F407G_DISC1 -DSTM32F4 -DSTM32F407VGTx -c -I../Inc -O0 -ffunction-sections -fdata-sections -Wall -fstack-usage -fcyclomatic-complexity -MMD -MP -MF"Src/main.d" -MT"Src/main.o" --specs=nano.specs -mfpu=fpv4-sp-d16 -mfloat-abi=hard -mthumb -o "Src/main.o"
arm-none-eabi-gcc "../Src/syscalls.c" -mcpu=cortex-m4 -std=gnu11 -g3 -DDEBUG -DSTM32 -DSTM32F407G_DISC1 -DSTM32F4 -DSTM32F407VGTx -c -I../Inc -O0 -ffunction-sections -fdata-sections -Wall -fstack-usage -fcyclomatic-complexity -MMD -MP -MF"Src/syscalls.d" -MT"Src/syscalls.o" --specs=nano.specs -mfpu=fpv4-sp-d16 -mfloat-abi=hard -mthumb -o "Src/syscalls.o"
arm-none-eabi-gcc "../Src/sysmem.c" -mcpu=cortex-m4 -std=gnu11 -g3 -DDEBUG -DSTM32 -DSTM32F407G_DISC1 -DSTM32F4 -DSTM32F407VGTx -c -I../Inc -O0 -ffunction-sections -fdata-sections -Wall -fstack-usage -fcyclomatic-complexity -MMD -MP -MF"Src/sysmem.d" -MT"Src/sysmem.o" --specs=nano.specs -mfpu=fpv4-sp-d16 -mfloat-abi=hard -mthumb -o "Src/sysmem.o"
../Src/main.c: In function 'main':
../Src/main.c:61:15: warning: unused variable 'TIM2_SR' [-Wunused-variable]
   61 |     uint32_t* TIM2_SR = (uint32_t*)(TIM2_BASE_ADDR + 0x10U);
      |               ^~~~~~~
arm-none-eabi-gcc -o "03_PWM_INTERRUPT_LED_BLINKER.elf" @"objects.list"   -mcpu=cortex-m4 -T"D:\Embedded Sofware\PWM\03_PWM_INTERRUPT_LED_BLINKER\STM32F407VGTX_FLASH.ld" --specs=nosys.specs -Wl,-Map="03_PWM_INTERRUPT_LED_BLINKER.map" -Wl,--gc-sections -static --specs=nano.specs -mfpu=fpv4-sp-d16 -mfloat-abi=hard -mthumb -Wl,--start-group -lc -lm -Wl,--end-group
Finished building target: 03_PWM_INTERRUPT_LED_BLINKER.elf
 
arm-none-eabi-size  03_PWM_INTERRUPT_LED_BLINKER.elf 
arm-none-eabi-objdump -h -S 03_PWM_INTERRUPT_LED_BLINKER.elf  > "03_PWM_INTERRUPT_LED_BLINKER.list"
   text	   data	    bss	    dec	    hex	filename
    928	      0	   1568	   2496	    9c0	03_PWM_INTERRUPT_LED_BLINKER.elf
Finished building: default.size.stdout
 
Finished building: 03_PWM_INTERRUPT_LED_BLINKER.list
 

12:23:35 Build Finished. 0 errors, 1 warnings. (took 1s.246ms)

