00:22:31 **** Incremental Build of configuration Debug for project EXTI_Interrupt_Keypad_LED_MODE_Control ****
make -j12 all 
arm-none-eabi-gcc "../Src/main.c" -mcpu=cortex-m4 -std=gnu11 -g3 -DDEBUG -DSTM32 -DSTM32F407G_DISC1 -DSTM32F4 -DSTM32F407VGTx -c -I../Inc -O0 -ffunction-sections -fdata-sections -Wall -fstack-usage -fcyclomatic-complexity -MMD -MP -MF"Src/main.d" -MT"Src/main.o" --specs=nano.specs -mfpu=fpv4-sp-d16 -mfloat-abi=hard -mthumb -o "Src/main.o"
../Src/main.c:22:4: warning: #warning "FPU is not initialized, but the project is compiling for an FPU. Please initialize the FPU before use." [-Wcpp]
   22 |   #warning "FPU is not initialized, but the project is compiling for an FPU. Please initialize the FPU before use."
      |    ^~~~~~~
arm-none-eabi-gcc -o "EXTI_Interrupt_Keypad_LED_MODE_Control.elf" @"objects.list"   -mcpu=cortex-m4 -T"D:\Embedded Sofware\Interrupts\EXTI_Interrupt_Keypad_LED_MODE_Control\STM32F407VGTX_FLASH.ld" --specs=nosys.specs -Wl,-Map="EXTI_Interrupt_Keypad_LED_MODE_Control.map" -Wl,--gc-sections -static --specs=nano.specs -mfpu=fpv4-sp-d16 -mfloat-abi=hard -mthumb -Wl,--start-group -lc -lm -Wl,--end-group
Finished building target: EXTI_Interrupt_Keypad_LED_MODE_Control.elf
 
arm-none-eabi-size  EXTI_Interrupt_Keypad_LED_MODE_Control.elf 
arm-none-eabi-objdump -h -S EXTI_Interrupt_Keypad_LED_MODE_Control.elf  > "EXTI_Interrupt_Keypad_LED_MODE_Control.list"
   text	   data	    bss	    dec	    hex	filename
   1176	      0	   1568	   2744	    ab8	EXTI_Interrupt_Keypad_LED_MODE_Control.elf
Finished building: default.size.stdout
 
Finished building: EXTI_Interrupt_Keypad_LED_MODE_Control.list
 
00:22:37 **** Incremental Build of configuration Debug for project EXTI_Interrupt_Keypad_LED_MODE_Control ****
make -j12 all 
arm-none-eabi-size  EXTI_Interrupt_Keypad_LED_MODE_Control.elf 
   text	   data	    bss	    dec	    hex	filename
   1176	      0	   1568	   2744	    ab8	EXTI_Interrupt_Keypad_LED_MODE_Control.elf
Finished building: default.size.stdout
 
