00:04:55 **** Incremental Build of configuration Debug for project 00_TIMER_LED_BLINK ****
make -j12 all 
arm-none-eabi-gcc "../Src/main.c" -mcpu=cortex-m4 -std=gnu11 -g3 -DDEBUG -DSTM32 -DSTM32F407G_DISC1 -DSTM32F4 -DSTM32F407VGTx -c -I../Inc -O0 -ffunction-sections -fdata-sections -Wall -fstack-usage -fcyclomatic-complexity -MMD -MP -MF"Src/main.d" -MT"Src/main.o" --specs=nano.specs -mfpu=fpv4-sp-d16 -mfloat-abi=hard -mthumb -o "Src/main.o"
../Src/main.c:22:4: warning: #warning "FPU is not initialized, but the project is compiling for an FPU. Please initialize the FPU before use." [-Wcpp]
   22 |   #warning "FPU is not initialized, but the project is compiling for an FPU. Please initialize the FPU before use."
      |    ^~~~~~~
arm-none-eabi-gcc -o "00_TIMER_LED_BLINK.elf" @"objects.list"   -mcpu=cortex-m4 -T"D:\Embedded Sofware\TIMERS\00_TIMER_LED_BLINK\STM32F407VGTX_FLASH.ld" --specs=nosys.specs -Wl,-Map="00_TIMER_LED_BLINK.map" -Wl,--gc-sections -static --specs=nano.specs -mfpu=fpv4-sp-d16 -mfloat-abi=hard -mthumb -Wl,--start-group -lc -lm -Wl,--end-group
Finished building target: 00_TIMER_LED_BLINK.elf
 
arm-none-eabi-size  00_TIMER_LED_BLINK.elf 
arm-none-eabi-objdump -h -S 00_TIMER_LED_BLINK.elf  > "00_TIMER_LED_BLINK.list"
   text	   data	    bss	    dec	    hex	filename
    916	      0	   1568	   2484	    9b4	00_TIMER_LED_BLINK.elf
Finished building: default.size.stdout
 
Finished building: 00_TIMER_LED_BLINK.list
 
00:05:02 **** Incremental Build of configuration Debug for project 00_TIMER_LED_BLINK ****
make -j12 all 
arm-none-eabi-size  00_TIMER_LED_BLINK.elf 
   text	   data	    bss	    dec	    hex	filename
    916	      0	   1568	   2484	    9b4	00_TIMER_LED_BLINK.elf
Finished building: default.size.stdout
 
