12:16:38 **** Build of configuration Debug for project 00_I2C_MASTER_TRANSMITTER ****
make -j12 all 
arm-none-eabi-gcc -mcpu=cortex-m4 -g3 -DDEBUG -c -x assembler-with-cpp -MMD -MP -MF"Startup/startup_stm32f407vgtx.d" -MT"Startup/startup_stm32f407vgtx.o" --specs=nano.specs -mfpu=fpv4-sp-d16 -mfloat-abi=hard -mthumb -o "Startup/startup_stm32f407vgtx.o" "../Startup/startup_stm32f407vgtx.s"
arm-none-eabi-gcc "../Src/main.c" -mcpu=cortex-m4 -std=gnu11 -g3 -DDEBUG -DSTM32 -DSTM32F407G_DISC1 -DSTM32F4 -DSTM32F407VGTx -c -I../Inc -O0 -ffunction-sections -fdata-sections -Wall -fstack-usage -fcyclomatic-complexity -MMD -MP -MF"Src/main.d" -MT"Src/main.o" --specs=nano.specs -mfpu=fpv4-sp-d16 -mfloat-abi=hard -mthumb -o "Src/main.o"
arm-none-eabi-gcc "../Src/syscalls.c" -mcpu=cortex-m4 -std=gnu11 -g3 -DDEBUG -DSTM32 -DSTM32F407G_DISC1 -DSTM32F4 -DSTM32F407VGTx -c -I../Inc -O0 -ffunction-sections -fdata-sections -Wall -fstack-usage -fcyclomatic-complexity -MMD -MP -MF"Src/syscalls.d" -MT"Src/syscalls.o" --specs=nano.specs -mfpu=fpv4-sp-d16 -mfloat-abi=hard -mthumb -o "Src/syscalls.o"
arm-none-eabi-gcc "../Src/sysmem.c" -mcpu=cortex-m4 -std=gnu11 -g3 -DDEBUG -DSTM32 -DSTM32F407G_DISC1 -DSTM32F4 -DSTM32F407VGTx -c -I../Inc -O0 -ffunction-sections -fdata-sections -Wall -fstack-usage -fcyclomatic-complexity -MMD -MP -MF"Src/sysmem.d" -MT"Src/sysmem.o" --specs=nano.specs -mfpu=fpv4-sp-d16 -mfloat-abi=hard -mthumb -o "Src/sysmem.o"
arm-none-eabi-gcc -o "00_I2C_MASTER_TRANSMITTER.elf" @"objects.list"   -mcpu=cortex-m4 -T"D:\Embedded Sofware\I2C\00_I2C_MASTER_TRANSMITTER\STM32F407VGTX_FLASH.ld" --specs=nosys.specs -Wl,-Map="00_I2C_MASTER_TRANSMITTER.map" -Wl,--gc-sections -static --specs=nano.specs -mfpu=fpv4-sp-d16 -mfloat-abi=hard -mthumb -Wl,--start-group -lc -lm -Wl,--end-group
Finished building target: 00_I2C_MASTER_TRANSMITTER.elf
 
arm-none-eabi-size  00_I2C_MASTER_TRANSMITTER.elf 
arm-none-eabi-objdump -h -S 00_I2C_MASTER_TRANSMITTER.elf  > "00_I2C_MASTER_TRANSMITTER.list"
   text	   data	    bss	    dec	    hex	filename
    932	      0	   1568	   2500	    9c4	00_I2C_MASTER_TRANSMITTER.elf
Finished building: default.size.stdout
 
Finished building: 00_I2C_MASTER_TRANSMITTER.list
 

12:16:39 Build Finished. 0 errors, 0 warnings. (took 1s.243ms)

