12:16:42 **** Build of configuration Debug for project 01_I2C_MASTER_RECEIVER ****
make -j12 all 
arm-none-eabi-gcc -mcpu=cortex-m4 -g3 -DDEBUG -c -x assembler-with-cpp -MMD -MP -MF"Startup/startup_stm32f407vgtx.d" -MT"Startup/startup_stm32f407vgtx.o" --specs=nano.specs -mfpu=fpv4-sp-d16 -mfloat-abi=hard -mthumb -o "Startup/startup_stm32f407vgtx.o" "../Startup/startup_stm32f407vgtx.s"
arm-none-eabi-gcc "../Src/main.c" -mcpu=cortex-m4 -std=gnu11 -g3 -DDEBUG -DSTM32 -DSTM32F407G_DISC1 -DSTM32F4 -DSTM32F407VGTx -c -I../Inc -O0 -ffunction-sections -fdata-sections -Wall -fstack-usage -fcyclomatic-complexity -MMD -MP -MF"Src/main.d" -MT"Src/main.o" --specs=nano.specs -mfpu=fpv4-sp-d16 -mfloat-abi=hard -mthumb -o "Src/main.o"
arm-none-eabi-gcc "../Src/syscalls.c" -mcpu=cortex-m4 -std=gnu11 -g3 -DDEBUG -DSTM32 -DSTM32F407G_DISC1 -DSTM32F4 -DSTM32F407VGTx -c -I../Inc -O0 -ffunction-sections -fdata-sections -Wall -fstack-usage -fcyclomatic-complexity -MMD -MP -MF"Src/syscalls.d" -MT"Src/syscalls.o" --specs=nano.specs -mfpu=fpv4-sp-d16 -mfloat-abi=hard -mthumb -o "Src/syscalls.o"
arm-none-eabi-gcc "../Src/sysmem.c" -mcpu=cortex-m4 -std=gnu11 -g3 -DDEBUG -DSTM32 -DSTM32F407G_DISC1 -DSTM32F4 -DSTM32F407VGTx -c -I../Inc -O0 -ffunction-sections -fdata-sections -Wall -fstack-usage -fcyclomatic-complexity -MMD -MP -MF"Src/sysmem.d" -MT"Src/sysmem.o" --specs=nano.specs -mfpu=fpv4-sp-d16 -mfloat-abi=hard -mthumb -o "Src/sysmem.o"
../Src/main.c: In function 'main':
../Src/main.c:85:23: warning: unused variable 'temp' [-Wunused-variable]
   85 |     volatile uint32_t temp = *I2C_SR2;
      |                       ^~~~
arm-none-eabi-gcc -o "01_I2C_MASTER_RECEIVER.elf" @"objects.list"   -mcpu=cortex-m4 -T"D:\Embedded Sofware\I2C\01_I2C_MASTER_RECEIVER\STM32F407VGTX_FLASH.ld" --specs=nosys.specs -Wl,-Map="01_I2C_MASTER_RECEIVER.map" -Wl,--gc-sections -static --specs=nano.specs -mfpu=fpv4-sp-d16 -mfloat-abi=hard -mthumb -Wl,--start-group -lc -lm -Wl,--end-group
Finished building target: 01_I2C_MASTER_RECEIVER.elf
 
arm-none-eabi-size  01_I2C_MASTER_RECEIVER.elf 
arm-none-eabi-objdump -h -S 01_I2C_MASTER_RECEIVER.elf  > "01_I2C_MASTER_RECEIVER.list"
   text	   data	    bss	    dec	    hex	filename
    940	      0	   1568	   2508	    9cc	01_I2C_MASTER_RECEIVER.elf
Finished building: default.size.stdout
 
Finished building: 01_I2C_MASTER_RECEIVER.list
 

12:16:43 Build Finished. 0 errors, 1 warnings. (took 1s.131ms)

