12:08:18 **** Build of configuration Debug for project 02_UART_COMMAND_PARSER ****
make -j12 all 
arm-none-eabi-gcc -mcpu=cortex-m4 -g3 -DDEBUG -c -x assembler-with-cpp -MMD -MP -MF"Startup/startup_stm32f407vgtx.d" -MT"Startup/startup_stm32f407vgtx.o" --specs=nano.specs -mfpu=fpv4-sp-d16 -mfloat-abi=hard -mthumb -o "Startup/startup_stm32f407vgtx.o" "../Startup/startup_stm32f407vgtx.s"
arm-none-eabi-gcc "../Src/main.c" -mcpu=cortex-m4 -std=gnu11 -g3 -DDEBUG -DSTM32 -DSTM32F407G_DISC1 -DSTM32F4 -DSTM32F407VGTx -c -I../Inc -O0 -ffunction-sections -fdata-sections -Wall -fstack-usage -fcyclomatic-complexity -MMD -MP -MF"Src/main.d" -MT"Src/main.o" --specs=nano.specs -mfpu=fpv4-sp-d16 -mfloat-abi=hard -mthumb -o "Src/main.o"
arm-none-eabi-gcc "../Src/syscalls.c" -mcpu=cortex-m4 -std=gnu11 -g3 -DDEBUG -DSTM32 -DSTM32F407G_DISC1 -DSTM32F4 -DSTM32F407VGTx -c -I../Inc -O0 -ffunction-sections -fdata-sections -Wall -fstack-usage -fcyclomatic-complexity -MMD -MP -MF"Src/syscalls.d" -MT"Src/syscalls.o" --specs=nano.specs -mfpu=fpv4-sp-d16 -mfloat-abi=hard -mthumb -o "Src/syscalls.o"
arm-none-eabi-gcc "../Src/sysmem.c" -mcpu=cortex-m4 -std=gnu11 -g3 -DDEBUG -DSTM32 -DSTM32F407G_DISC1 -DSTM32F4 -DSTM32F407VGTx -c -I../Inc -O0 -ffunction-sections -fdata-sections -Wall -fstack-usage -fcyclomatic-complexity -MMD -MP -MF"Src/sysmem.d" -MT"Src/sysmem.o" --specs=nano.specs -mfpu=fpv4-sp-d16 -mfloat-abi=hard -mthumb -o "Src/sysmem.o"
../Src/main.c:22:10: warning: built-in function 'index' declared as non-function [-Wbuiltin-declaration-mismatch]
   22 | uint32_t index = 0;
      |          ^~~~~
arm-none-eabi-gcc -o "02_UART_COMMAND_PARSER.elf" @"objects.list"   -mcpu=cortex-m4 -T"D:\Embedded Sofware\UART\02_UART_COMMAND_PARSER\STM32F407VGTX_FLASH.ld" --specs=nosys.specs -Wl,-Map="02_UART_COMMAND_PARSER.map" -Wl,--gc-sections -static --specs=nano.specs -mfpu=fpv4-sp-d16 -mfloat-abi=hard -mthumb -Wl,--start-group -lc -lm -Wl,--end-group
Finished building target: 02_UART_COMMAND_PARSER.elf
 
arm-none-eabi-size  02_UART_COMMAND_PARSER.elf 
arm-none-eabi-objdump -h -S 02_UART_COMMAND_PARSER.elf  > "02_UART_COMMAND_PARSER.list"
   text	   data	    bss	    dec	    hex	filename
    920	      0	   1592	   2512	    9d0	02_UART_COMMAND_PARSER.elf
Finished building: default.size.stdout
 
Finished building: 02_UART_COMMAND_PARSER.list
 

12:08:20 Build Finished. 0 errors, 1 warnings. (took 1s.137ms)

