12:05:00 **** Build of configuration Debug for project 0_UART_LED_CONTROLLER ****
make -j12 all 
arm-none-eabi-gcc -mcpu=cortex-m4 -g3 -DDEBUG -c -x assembler-with-cpp -MMD -MP -MF"Startup/startup_stm32f407vgtx.d" -MT"Startup/startup_stm32f407vgtx.o" --specs=nano.specs -mfpu=fpv4-sp-d16 -mfloat-abi=hard -mthumb -o "Startup/startup_stm32f407vgtx.o" "../Startup/startup_stm32f407vgtx.s"
arm-none-eabi-gcc "../Src/main.c" -mcpu=cortex-m4 -std=gnu11 -g3 -DDEBUG -DSTM32 -DSTM32F407G_DISC1 -DSTM32F4 -DSTM32F407VGTx -c -I../Inc -O0 -ffunction-sections -fdata-sections -Wall -fstack-usage -fcyclomatic-complexity -MMD -MP -MF"Src/main.d" -MT"Src/main.o" --specs=nano.specs -mfpu=fpv4-sp-d16 -mfloat-abi=hard -mthumb -o "Src/main.o"
arm-none-eabi-gcc "../Src/syscalls.c" -mcpu=cortex-m4 -std=gnu11 -g3 -DDEBUG -DSTM32 -DSTM32F407G_DISC1 -DSTM32F4 -DSTM32F407VGTx -c -I../Inc -O0 -ffunction-sections -fdata-sections -Wall -fstack-usage -fcyclomatic-complexity -MMD -MP -MF"Src/syscalls.d" -MT"Src/syscalls.o" --specs=nano.specs -mfpu=fpv4-sp-d16 -mfloat-abi=hard -mthumb -o "Src/syscalls.o"
arm-none-eabi-gcc "../Src/sysmem.c" -mcpu=cortex-m4 -std=gnu11 -g3 -DDEBUG -DSTM32 -DSTM32F407G_DISC1 -DSTM32F4 -DSTM32F407VGTx -c -I../Inc -O0 -ffunction-sections -fdata-sections -Wall -fstack-usage -fcyclomatic-complexity -MMD -MP -MF"Src/sysmem.d" -MT"Src/sysmem.o" --specs=nano.specs -mfpu=fpv4-sp-d16 -mfloat-abi=hard -mthumb -o "Src/sysmem.o"
../Src/main.c:22:2: warning: #warning "FPU is not initialized." [-Wcpp]
   22 | #warning "FPU is not initialized."
      |  ^~~~~~~
arm-none-eabi-gcc -o "0_UART_LED_CONTROLLER.elf" @"objects.list"   -mcpu=cortex-m4 -T"D:\Embedded Sofware\UART\0_UART_LED_CONTROLLER\STM32F407VGTX_FLASH.ld" --specs=nosys.specs -Wl,-Map="0_UART_LED_CONTROLLER.map" -Wl,--gc-sections -static --specs=nano.specs -mfpu=fpv4-sp-d16 -mfloat-abi=hard -mthumb -Wl,--start-group -lc -lm -Wl,--end-group
Finished building target: 0_UART_LED_CONTROLLER.elf
 
arm-none-eabi-size  0_UART_LED_CONTROLLER.elf 
arm-none-eabi-objdump -h -S 0_UART_LED_CONTROLLER.elf  > "0_UART_LED_CONTROLLER.list"
   text	   data	    bss	    dec	    hex	filename
    924	      0	   1568	   2492	    9bc	0_UART_LED_CONTROLLER.elf
Finished building: default.size.stdout
 
Finished building: 0_UART_LED_CONTROLLER.list
 

12:05:03 Build Finished. 0 errors, 1 warnings. (took 3s.361ms)

